------------------------------------------------------------
Timing Analyzer Summary
------------------------------------------------------------

Type  : Slow 1200mV 85C Model Setup 'clock'
Slack : -2.231
TNS   : -4.524

Type  : Slow 1200mV 85C Model Setup 'state.IDLE'
Slack : -1.949
TNS   : -21.407

Type  : Slow 1200mV 85C Model Hold 'state.IDLE'
Slack : 0.105
TNS   : 0.000

Type  : Slow 1200mV 85C Model Hold 'clock'
Slack : 0.212
TNS   : 0.000

Type  : Slow 1200mV 85C Model Minimum Pulse Width 'clock'
Slack : -3.000
TNS   : -9.425

Type  : Slow 1200mV 85C Model Minimum Pulse Width 'state.IDLE'
Slack : 0.418
TNS   : 0.000

Type  : Slow 1200mV 0C Model Setup 'clock'
Slack : -1.978
TNS   : -3.855

Type  : Slow 1200mV 0C Model Setup 'state.IDLE'
Slack : -1.805
TNS   : -18.991

Type  : Slow 1200mV 0C Model Hold 'state.IDLE'
Slack : 0.096
TNS   : 0.000

Type  : Slow 1200mV 0C Model Hold 'clock'
Slack : 0.197
TNS   : 0.000

Type  : Slow 1200mV 0C Model Minimum Pulse Width 'clock'
Slack : -3.000
TNS   : -9.425

Type  : Slow 1200mV 0C Model Minimum Pulse Width 'state.IDLE'
Slack : 0.393
TNS   : 0.000

Type  : Fast 1200mV 0C Model Setup 'state.IDLE'
Slack : -0.659
TNS   : -5.684

Type  : Fast 1200mV 0C Model Setup 'clock'
Slack : -0.606
TNS   : -0.989

Type  : Fast 1200mV 0C Model Hold 'clock'
Slack : 0.011
TNS   : 0.000

Type  : Fast 1200mV 0C Model Hold 'state.IDLE'
Slack : 0.037
TNS   : 0.000

Type  : Fast 1200mV 0C Model Minimum Pulse Width 'clock'
Slack : -3.000
TNS   : -8.246

Type  : Fast 1200mV 0C Model Minimum Pulse Width 'state.IDLE'
Slack : 0.352
TNS   : 0.000

------------------------------------------------------------
